// Jest Snapshot v1, https://goo.gl/fbAQLP

exports[`Navbar renders links to the Home and About pages 1`] = `
<div
  class="pt-4 pb-4 text-center bg-slate-200 mb-4"
  data-testid="navbar"
>
  <div
    class="flex flex-col md:flex-row space-y-4 md:space-x-4 md:space-y-0 justify-center"
  >
    <a
      class="px-4 py-2 bg-white rounded-full hover:bg-blue-600 hover:text-white font-medium"
      href="/"
    >
      Home
    </a>
    <a
      class="px-4 py-2 bg-white rounded-full hover:bg-blue-600 hover:text-white font-medium"
      href="/about"
    >
      About
    </a>
  </div>
</div>
`;
